// Jest Snapshot v1, https://goo.gl/fbAQLP

exports[`ProAMMRouter #swapExactInput #gas 2 pool [ @skip-on-coverage ] 1`] = `"183944"`;

exports[`ProAMMRouter #swapExactInput #gas one pool [ @skip-on-coverage ] 1`] = `"109002"`;

exports[`ProAMMRouter #swapExactInput #gas one pool [ @skip-on-coverage ] 2`] = `"113809"`;

exports[`ProAMMRouter #swapExactInput #gas one pool [ @skip-on-coverage ] 3`] = `"109074"`;

exports[`ProAMMRouter #swapExactInput #gas one pool [ @skip-on-coverage ] 4`] = `"113809"`;

exports[`ProAMMRouter #swapExactOutput #gas 2 pool [ @skip-on-coverage ] 1`] = `"198880"`;

exports[`ProAMMRouter #swapExactOutput #gas one pool [ @skip-on-coverage ] 1`] = `"120769"`;

exports[`ProAMMRouter #swapExactOutput #gas one pool [ @skip-on-coverage ] 2`] = `"125709"`;

exports[`ProAMMRouter #swapExactOutput #gas one pool [ @skip-on-coverage ] 3`] = `"120841"`;

exports[`ProAMMRouter #swapExactOutput #gas one pool [ @skip-on-coverage ] 4`] = `"125709"`;
