// Jest Snapshot v1, https://goo.gl/fbAQLP

exports[`Router #swapExactInput #gas 2 pool [ @skip-on-coverage ] 1`] = `"179345"`;

exports[`Router #swapExactInput #gas one pool [ @skip-on-coverage ] 1`] = `"106825"`;

exports[`Router #swapExactInput #gas one pool [ @skip-on-coverage ] 2`] = `"111451"`;

exports[`Router #swapExactInput #gas one pool [ @skip-on-coverage ] 3`] = `"106909"`;

exports[`Router #swapExactInput #gas one pool [ @skip-on-coverage ] 4`] = `"111463"`;

exports[`Router #swapExactOutput #gas 2 pool [ @skip-on-coverage ] 1`] = `"194702"`;

exports[`Router #swapExactOutput #gas one pool [ @skip-on-coverage ] 1`] = `"118684"`;

exports[`Router #swapExactOutput #gas one pool [ @skip-on-coverage ] 2`] = `"123635"`;

exports[`Router #swapExactOutput #gas one pool [ @skip-on-coverage ] 3`] = `"118768"`;

exports[`Router #swapExactOutput #gas one pool [ @skip-on-coverage ] 4`] = `"123647"`;
