// Jest Snapshot v1, https://goo.gl/fbAQLP

exports[`ProAMMPool #mint after unlockPool successful mints position above current tick #gas [ @skip-on-coverage ] 1`] = `"216390"`;

exports[`ProAMMPool #mint after unlockPool successful mints position above current tick #gas [ @skip-on-coverage ] 2`] = `"165746"`;

exports[`ProAMMPool #mint after unlockPool successful mints position includes current tick #gas [ @skip-on-coverage ] 1`] = `"247300"`;

exports[`ProAMMPool #mint after unlockPool successful mints position includes current tick #gas [ @skip-on-coverage ] 2`] = `"249593"`;

exports[`ProAMMPool #unlockPool #gas [ @skip-on-coverage ] 1`] = `"221358"`;

exports[`ProAMMPool burnRTokens init at 0 tick #gas [ @skip-on-coverage ] 1`] = `"89482"`;

exports[`ProAMMPool swap init at reasonable tick #gas token0 exactInput - cross 2 initiated ticks [ @skip-on-coverage ] 1`] = `"248429"`;

exports[`ProAMMPool swap init at reasonable tick #gas token0 exactInput - cross an initiated tick [ @skip-on-coverage ] 1`] = `"214938"`;

exports[`ProAMMPool swap init at reasonable tick #gas token0 exactInput - within a tick [ @skip-on-coverage ] 1`] = `"99238"`;

exports[`ProAMMPool swap init at reasonable tick #gas token1 exactOutput - cross 2 initiated ticks [ @skip-on-coverage ] 1`] = `"258768"`;

exports[`ProAMMPool swap init at reasonable tick #gas token1 exactOutput - cross an initiated tick [ @skip-on-coverage ] 1`] = `"225586"`;

exports[`ProAMMPool swap init at reasonable tick #gas token1 exactOutput - within a tick [ @skip-on-coverage ] 1`] = `"109977"`;
