// Jest Snapshot v1, https://goo.gl/fbAQLP

exports[`ProAMMPool #mint after unlockPool successful mints position above current tick #gas [ @skip-on-coverage ] 1`] = `"217311"`;

exports[`ProAMMPool #mint after unlockPool successful mints position above current tick #gas [ @skip-on-coverage ] 2`] = `"166507"`;

exports[`ProAMMPool #mint after unlockPool successful mints position includes current tick #gas [ @skip-on-coverage ] 1`] = `"251828"`;

exports[`ProAMMPool #mint after unlockPool successful mints position includes current tick #gas [ @skip-on-coverage ] 2`] = `"253685"`;

exports[`ProAMMPool #unlockPool #gas [ @skip-on-coverage ] 1`] = `"221516"`;

exports[`ProAMMPool burnRTokens init at 0 tick #gas [ @skip-on-coverage ] 1`] = `"89632"`;

exports[`ProAMMPool swap init at reasonable tick #gas token0 exactInput - cross 2 initiated ticks [ @skip-on-coverage ] 1`] = `"253445"`;

exports[`ProAMMPool swap init at reasonable tick #gas token0 exactInput - cross an initiated tick [ @skip-on-coverage ] 1`] = `"214635"`;

exports[`ProAMMPool swap init at reasonable tick #gas token0 exactInput - within a tick [ @skip-on-coverage ] 1`] = `"99791"`;

exports[`ProAMMPool swap init at reasonable tick #gas token1 exactOutput - cross 2 initiated ticks [ @skip-on-coverage ] 1`] = `"263748"`;

exports[`ProAMMPool swap init at reasonable tick #gas token1 exactOutput - cross an initiated tick [ @skip-on-coverage ] 1`] = `"225259"`;

exports[`ProAMMPool swap init at reasonable tick #gas token1 exactOutput - within a tick [ @skip-on-coverage ] 1`] = `"110518"`;
